// Jest Snapshot v1, https://goo.gl/fbAQLP

exports[`<Input /> with empty urlHistory as prop should match the snapshot 1`] = `"<div class=\\"selector\\"><form><div class=\\"MuiAutocomplete-root MuiAutocomplete-hasClearIcon MuiAutocomplete-hasPopupIcon\\" role=\\"combobox\\" aria-expanded=\\"false\\" placeholder=\\"Enter a valid URL\\"><div class=\\"MuiFormControl-root MuiTextField-root MuiFormControl-marginNormal MuiFormControl-fullWidth\\"><label class=\\"MuiFormLabel-root MuiInputLabel-root MuiInputLabel-formControl MuiInputLabel-animated MuiInputLabel-outlined\\" data-shrink=\\"false\\" id=\\"undefined-label\\">Enter a valid URL</label><div class=\\"MuiInputBase-root MuiOutlinedInput-root MuiAutocomplete-inputRoot MuiInputBase-fullWidth MuiInputBase-formControl MuiInputBase-adornedEnd MuiOutlinedInput-adornedEnd\\"><input type=\\"text\\" aria-invalid=\\"false\\" autoComplete=\\"off\\" name=\\"url\\" value=\\"\\" class=\\"MuiInputBase-input MuiOutlinedInput-input MuiAutocomplete-input MuiAutocomplete-inputFocused MuiInputBase-inputAdornedEnd MuiOutlinedInput-inputAdornedEnd\\" aria-autocomplete=\\"list\\" autoCapitalize=\\"none\\" spellcheck=\\"false\\"/><div class=\\"MuiAutocomplete-endAdornment\\"><button class=\\"MuiButtonBase-root MuiIconButton-root MuiAutocomplete-clearIndicator\\" tabindex=\\"-1\\" type=\\"button\\" aria-label=\\"Clear\\" title=\\"Clear\\"><span class=\\"MuiIconButton-label\\"><svg class=\\"MuiSvgIcon-root MuiSvgIcon-fontSizeSmall\\" focusable=\\"false\\" viewBox=\\"0 0 24 24\\" aria-hidden=\\"true\\"><path d=\\"M19 6.41L17.59 5 12 10.59 6.41 5 5 6.41 10.59 12 5 17.59 6.41 19 12 13.41 17.59 19 19 17.59 13.41 12z\\"></path></svg></span></button><button class=\\"MuiButtonBase-root MuiIconButton-root MuiAutocomplete-popupIndicator\\" tabindex=\\"-1\\" type=\\"button\\" aria-label=\\"Open\\" title=\\"Open\\"><span class=\\"MuiIconButton-label\\"><svg class=\\"MuiSvgIcon-root\\" focusable=\\"false\\" viewBox=\\"0 0 24 24\\" aria-hidden=\\"true\\"><path d=\\"M7 10l5 5 5-5z\\"></path></svg></span></button></div><fieldset aria-hidden=\\"true\\" class=\\"PrivateNotchedOutline-root-1 MuiOutlinedInput-notchedOutline\\"><legend class=\\"PrivateNotchedOutline-legendLabelled-3\\"><span>Enter a valid URL</span></legend></fieldset></div></div></div><button class=\\"MuiButtonBase-root MuiButton-root MuiButton-contained search\\" tabindex=\\"0\\" type=\\"submit\\"><span class=\\"MuiButton-label\\">Search</span></button></form></div>"`;
