// Jest Snapshot v1, https://goo.gl/fbAQLP

exports[`<Input /> with empty urlHistory as prop should match the snapshot 1`] = `"<h3 class=\\"title\\">Enter a URL to find out how many times each word appears in its content</h3><div class=\\"selector\\"><form><div class=\\"MuiAutocomplete-root MuiAutocomplete-hasClearIcon MuiAutocomplete-hasPopupIcon\\" role=\\"combobox\\" aria-expanded=\\"false\\" placeholder=\\"Enter a valid URL\\"><div class=\\"MuiFormControl-root MuiTextField-root MuiFormControl-marginNormal MuiFormControl-fullWidth\\"><label class=\\"MuiFormLabel-root MuiInputLabel-root MuiInputLabel-formControl MuiInputLabel-animated MuiInputLabel-outlined\\" data-shrink=\\"false\\" id=\\"undefined-label\\">Enter a valid URL</label><div class=\\"MuiInputBase-root MuiOutlinedInput-root MuiAutocomplete-inputRoot MuiInputBase-fullWidth MuiInputBase-formControl MuiInputBase-adornedEnd MuiOutlinedInput-adornedEnd\\"><input type=\\"text\\" aria-invalid=\\"false\\" autoComplete=\\"off\\" name=\\"url\\" value=\\"\\" class=\\"MuiInputBase-input MuiOutlinedInput-input MuiAutocomplete-input MuiAutocomplete-inputFocused MuiInputBase-inputAdornedEnd MuiOutlinedInput-inputAdornedEnd\\" aria-autocomplete=\\"list\\" autoCapitalize=\\"none\\" spellcheck=\\"false\\"/><div class=\\"MuiAutocomplete-endAdornment\\"><button class=\\"MuiButtonBase-root MuiIconButton-root MuiAutocomplete-clearIndicator\\" tabindex=\\"-1\\" type=\\"button\\" aria-label=\\"Clear\\" title=\\"Clear\\"><span class=\\"MuiIconButton-label\\"><svg class=\\"MuiSvgIcon-root MuiSvgIcon-fontSizeSmall\\" focusable=\\"false\\" viewBox=\\"0 0 24 24\\" aria-hidden=\\"true\\"><path d=\\"M19 6.41L17.59 5 12 10.59 6.41 5 5 6.41 10.59 12 5 17.59 6.41 19 12 13.41 17.59 19 19 17.59 13.41 12z\\"></path></svg></span></button><button class=\\"MuiButtonBase-root MuiIconButton-root MuiAutocomplete-popupIndicator\\" tabindex=\\"-1\\" type=\\"button\\" aria-label=\\"Open\\" title=\\"Open\\"><span class=\\"MuiIconButton-label\\"><svg class=\\"MuiSvgIcon-root\\" focusable=\\"false\\" viewBox=\\"0 0 24 24\\" aria-hidden=\\"true\\"><path d=\\"M7 10l5 5 5-5z\\"></path></svg></span></button></div><fieldset aria-hidden=\\"true\\" class=\\"PrivateNotchedOutline-root-1 MuiOutlinedInput-notchedOutline\\"><legend class=\\"PrivateNotchedOutline-legendLabelled-3\\"><span>Enter a valid URL</span></legend></fieldset></div></div></div><button class=\\"MuiButtonBase-root MuiButton-root MuiButton-contained search\\" tabindex=\\"0\\" type=\\"submit\\"><span class=\\"MuiButton-label\\">Search</span></button></form></div><div class=\\"table\\"><div style=\\"height:700px\\" class=\\"k-widget k-grid\\" role=\\"grid\\" aria-colcount=\\"2\\" aria-rowcount=\\"0\\" data-keyboardnavscope=\\"true\\"><div class=\\"k-grid-header\\" role=\\"presentation\\"><div class=\\"k-grid-header-wrap\\" role=\\"presentation\\" style=\\"border-width:0\\"><table role=\\"presentation\\"><colgroup role=\\"presentation\\"><col/><col/></colgroup><thead role=\\"presentation\\" data-keyboardnavheader=\\"true\\"><tr style=\\"touch-action:none\\" role=\\"row\\" aria-rowindex=\\"1\\"><th aria-sort=\\"none\\" aria-colindex=\\"1\\" aria-selected=\\"false\\" colSpan=\\"1\\" rowspan=\\"1\\" class=\\"k-header \\" role=\\"columnheader\\"><div style=\\"display:inline\\"><div style=\\"display:inline;position:absolute;cursor:pointer;right:5px\\"><span class=\\"k-icon k-i-more-vertical\\"></span></div></div><span class=\\"k-link\\">Word<span aria-label=\\"Sortable\\"></span></span></th><th aria-sort=\\"descending\\" aria-colindex=\\"2\\" aria-selected=\\"false\\" colSpan=\\"1\\" rowspan=\\"1\\" class=\\"k-header  k-sorted\\" role=\\"columnheader\\"><div style=\\"display:inline\\"><div style=\\"display:inline;position:absolute;cursor:pointer;right:5px\\"><span class=\\"k-icon k-i-more-vertical\\"></span></div></div><span class=\\"k-link\\">Count<span aria-label=\\"Sortable\\" class=\\"k-icon k-i-sort-desc-sm\\"></span></span></th></tr></thead></table></div></div><div class=\\"k-grid-container\\" role=\\"presentation\\"><div class=\\"k-grid-content k-virtual-content\\" role=\\"presentation\\"><div style=\\"position:relative\\" role=\\"presentation\\"><table class=\\"k-grid-table\\" role=\\"presentation\\"><colgroup role=\\"presentation\\"><col/><col class=\\"k-sorted\\"/></colgroup><tbody role=\\"presentation\\" data-keyboardnavbody=\\"true\\"><tr class=\\"k-grid-norecords\\" aria-rowindex=\\"2\\"><td colSpan=\\"2\\">No records available</td></tr></tbody></table></div><div class=\\"k-height-container\\" role=\\"presentation\\"><div></div></div></div></div><div class=\\"k-pager-wrap k-pager k-widget k-grid-pager\\" role=\\"navigation\\"><a href=\\"#\\" class=\\"k-link k-pager-nav k-pager-first k-state-disabled\\" title=\\"Go to the first page\\"><span class=\\"k-icon k-i-arrow-end-left\\" aria-label=\\"Go to the first page\\"></span></a><a href=\\"#\\" class=\\"k-link k-pager-nav k-state-disabled\\" title=\\"Go to the previous page\\"><span class=\\"k-icon k-i-arrow-60-left\\" aria-label=\\"Go to the previous page\\"></span></a><div class=\\"k-pager-numbers-wrap\\"><select class=\\"k-dropdown\\"></select><ul class=\\"k-pager-numbers k-reset\\"></ul></div><a href=\\"#\\" class=\\"k-link k-pager-nav k-state-disabled\\" title=\\"Go to the next page\\"><span class=\\"k-icon k-i-arrow-60-right\\" aria-label=\\"Go to the next page\\"></span></a><a href=\\"#\\" class=\\"k-link k-pager-nav k-pager-last k-state-disabled\\" title=\\"Go to the last page\\"><span class=\\"k-icon k-i-arrow-end-right\\" aria-label=\\"Go to the last page\\"></span></a><span class=\\"k-pager-sizes k-label\\"><span class=\\"k-widget k-dropdown\\"><span role=\\"listbox\\" tabindex=\\"0\\" class=\\"k-dropdown-wrap\\" aria-haspopup=\\"true\\" aria-expanded=\\"false\\" aria-owns=\\"a56a6359-26d2-4d3c-841e-e56846e26360\\"><span class=\\"k-input\\">25</span><span class=\\"k-select\\"><span class=\\"k-icon k-i-arrow-s\\"></span></span><select tabindex=\\"-1\\" aria-hidden=\\"true\\" style=\\"opacity:0;width:1px;border:0;z-index:-1;position:absolute;left:50%\\"><option value=\\"25\\"></option></select></span></span>items per page</span><div class=\\"k-pager-info k-label\\">0 - 0 of 0 items</div></div></div></div>"`;
